// Jest Snapshot v1, https://goo.gl/fbAQLP

exports[`should render Success section correctly 1`] = `
<div
  className="success-container"
>
  <h2>
    Success
  </h2>
  <p>
    Event has been created
  </p>
</div>
`;
